
> rapicredit-portal@0.1.0 build
> next build

npm.cmd : [baseline-browser-mapping] The data in this module is over two 
months old.  To ensure accurate Baseline data, please update: `npm i 
baseline-browser-mapping@latest -D`
En línea: 1 Carácter: 70
+ ... e .\build-output.txt; npm.cmd run build *> .\build-output.txt; Write- ...
+                           ~~~~~~~~~~~~~~~~~~~~~~~~~~~~~~~~~~~~~~~
    + CategoryInfo          : NotSpecified: ([baseline-brows...ping@latest -D` 
   :String) [], RemoteException
    + FullyQualifiedErrorId : NativeCommandError
 
   Ôû▓ Next.js 16.0.7 (Turbopack)
   - Environments: .env

   Creating an optimized production build ...
[baseline-browser-mapping] The data in this module is over two months old.  To 
ensure accurate Baseline data, please update: `npm i 
baseline-browser-mapping@latest -D`
[baseline-browser-mapping] The data in this module is over two months old.  To 
ensure accurate Baseline data, please update: `npm i 
baseline-browser-mapping@latest -D`
 Ô£ô Compiled successfully in 24.9s
   Running TypeScript ...
Failed to compile.

./src/app/cuentas-por-cobrar/page.tsx:184:12
Type error: No overload matches this call.
  Overload 1 of 2, '(props: { component: ElementType<any, keyof 
IntrinsicElements>; } & GridBaseProps & { sx?: SxProps<Theme> | undefined; } & 
SystemProps<...> & Omit<...>): Element | null', gave the following error.
    Property 'component' is missing in type '{ children: Element; item: true; 
xs: number; md: number; }' but required in type '{ component: ElementType<any, 
keyof IntrinsicElements>; }'.
  Overload 2 of 2, '(props: DefaultComponentProps<GridTypeMap<{}, "div">>): 
Element | null', gave the following error.
    Type '{ children: Element; item: true; xs: number; md: number; }' is not 
assignable to type 'IntrinsicAttributes & GridBaseProps & { sx?: 
SxProps<Theme> | undefined; } & SystemProps<Theme> & Omit<...>'.
      Property 'item' does not exist on type 'IntrinsicAttributes & 
GridBaseProps & { sx?: SxProps<Theme> | undefined; } & SystemProps<Theme> & 
Omit<...>'.

[0m [90m 182 |[39m
 [90m 183 |[39m         [33m<[39m[33mGrid[39m container 
spacing[33m=[39m{[35m1.5[39m} sx[33m=[39m{{ mt[33m:[39m [35m1[39m 
}}[33m>[39m
[31m[1m>[22m[39m[90m 184 |[39m           [33m<[39m[33mGrid[39m item 
xs[33m=[39m{[35m12[39m} md[33m=[39m{[35m3[39m}[33m>[39m
 [90m     |[39m            [31m[1m^[22m[39m
 [90m 185 |[39m             [33m<[39m[33mPaper[39m 
variant[33m=[39m[32m"outlined"[39m sx[33m=[39m{{ p[33m:[39m 
[35m1.5[39m }}[33m>[39m
 [90m 186 |[39m               [33m<[39m[33mTypography[39m 
variant[33m=[39m[32m"caption"[39m 
color[33m=[39m[32m"text.secondary"[39m[33m>[39m
 [90m 187 |[39m                 [33mCartera[39m total[0m
Next.js build worker exited with code: 1 and signal: null
